<html>
<body>
<pre>
<h1>µVision Build Log</h1>
<h2>Project:</h2>
C:\Users\Teddy\Desktop\Ecriture de pilotes\TP3\tp3.uvproj
Project File Date:  11/02/2022

<h2>Output:</h2>
Rebuild target 'TP2'
assembling STM32F10x.s...
compiling main.c...
compiling timebase.c...
compiling gpio.c...
linking...
Program Size: Code=1432 RO-data=268 RW-data=12 ZI-data=564  
".\Obj\gpio.axf" - 0 Error(s), 0 Warning(s).
</pre>
</body>
</html>
 from main.o).
.\Obj\gpio.axf: Error: L6218E: Undefined symbol gpio_write (referred from main.o).
Not enough information to list image symbols.
Finished: 1 information, 0 warning and 3 error messages.
".\Obj\gpio.axf" - 3 Error(s), 0 Warning(s).
Target not created
